--------------------------------------------------------------------------------
Release 14.7 Trace  (lin64)
Copyright (c) 1995-2013 Xilinx, Inc.  All rights reserved.

/opt/Xilinx/14.7/ISE_DS/ISE/bin/lin64/unwrapped/trce -intstyle ise -v 3 -s 5 -n
3 -fastpaths -xml subtrator.twx subtrator.ncd -o subtrator.twr subtrator.pcf

Design file:              subtrator.ncd
Physical constraint file: subtrator.pcf
Device,package,speed:     xc3s700an,fgg484,-5 (PRODUCTION 1.42 2013-10-13)
Report level:             verbose report

Environment Variable      Effect 
--------------------      ------ 
NONE                      No environment variables were set
--------------------------------------------------------------------------------

INFO:Timing:2698 - No timing constraints found, doing default enumeration.
INFO:Timing:3412 - To improve timing, see the Timing Closure User Guide (UG612).
INFO:Timing:2752 - To get complete path coverage, use the unconstrained paths 
   option. All paths that are not constrained will be reported in the 
   unconstrained paths section(s) of the report.
INFO:Timing:3339 - The clock-to-out numbers in this timing report are based on 
   a 50 Ohm transmission line loading model.  For the details of this model, 
   and for more information on accounting for different loading conditions, 
   please see the device datasheet.
INFO:Timing:3390 - This architecture does not support a default System Jitter 
   value, please add SYSTEM_JITTER constraint to the UCF to modify the Clock 
   Uncertainty calculation.
INFO:Timing:3389 - This architecture does not support 'Discrete Jitter' and 
   'Phase Error' calculations, these terms will be zero in the Clock 
   Uncertainty calculation.  Please make appropriate modification to 
   SYSTEM_JITTER to account for the unsupported Discrete Jitter and Phase 
   Error.



Data Sheet report:
-----------------
All values displayed in nanoseconds (ns)

Pad to Pad
---------------+---------------+---------+
Source Pad     |Destination Pad|  Delay  |
---------------+---------------+---------+
x<0>           |cout           |    8.398|
x<0>           |overflow       |    8.302|
x<0>           |z<0>           |    6.533|
x<0>           |z<1>           |    6.767|
x<0>           |z<2>           |    7.188|
x<0>           |z<3>           |    8.353|
x<1>           |cout           |    8.014|
x<1>           |overflow       |    7.918|
x<1>           |z<1>           |    6.238|
x<1>           |z<2>           |    6.804|
x<1>           |z<3>           |    7.969|
x<2>           |cout           |    7.390|
x<2>           |overflow       |    7.294|
x<2>           |z<2>           |    6.148|
x<2>           |z<3>           |    7.345|
x<3>           |cout           |    6.731|
x<3>           |overflow       |    6.055|
x<3>           |z<3>           |    6.103|
y<0>           |cout           |    7.890|
y<0>           |overflow       |    7.794|
y<0>           |z<0>           |    6.633|
y<0>           |z<1>           |    6.174|
y<0>           |z<2>           |    6.680|
y<0>           |z<3>           |    7.845|
y<1>           |cout           |    7.939|
y<1>           |overflow       |    7.843|
y<1>           |z<1>           |    6.122|
y<1>           |z<2>           |    6.729|
y<1>           |z<3>           |    7.894|
y<2>           |cout           |    7.374|
y<2>           |overflow       |    7.278|
y<2>           |z<2>           |    6.295|
y<2>           |z<3>           |    7.329|
y<3>           |cout           |    6.639|
y<3>           |overflow       |    6.201|
y<3>           |z<3>           |    6.214|
---------------+---------------+---------+


Analysis completed Tue Oct 25 15:19:10 2022 
--------------------------------------------------------------------------------

Trace Settings:
-------------------------
Trace Settings 

Peak Memory Usage: 376 MB



