Release 14.7 - xst P.20131013 (lin64)
Copyright (c) 1995-2013 Xilinx, Inc.  All rights reserved.
--> 
Parameter TMPDIR set to xst/projnav.tmp


Total REAL time to Xst completion: 1.00 secs
Total CPU time to Xst completion: 0.05 secs
 
--> 
Parameter xsthdpdir set to xst


Total REAL time to Xst completion: 1.00 secs
Total CPU time to Xst completion: 0.05 secs
 
--> 
Reading design: ula.prj

TABLE OF CONTENTS
  1) Synthesis Options Summary
  2) HDL Compilation
  3) Design Hierarchy Analysis
  4) HDL Analysis
  5) HDL Synthesis
     5.1) HDL Synthesis Report
  6) Advanced HDL Synthesis
     6.1) Advanced HDL Synthesis Report
  7) Low Level Synthesis
  8) Partition Report
  9) Final Report
	9.1) Device utilization summary
	9.2) Partition Resource Summary
	9.3) TIMING REPORT


=========================================================================
*                      Synthesis Options Summary                        *
=========================================================================
---- Source Parameters
Input File Name                    : "ula.prj"
Input Format                       : mixed
Ignore Synthesis Constraint File   : NO

---- Target Parameters
Output File Name                   : "ula"
Output Format                      : NGC
Target Device                      : xc3s700an-5-fgg484

---- Source Options
Top Module Name                    : ula
Automatic FSM Extraction           : YES
FSM Encoding Algorithm             : Auto
Safe Implementation                : No
FSM Style                          : LUT
RAM Extraction                     : Yes
RAM Style                          : Auto
ROM Extraction                     : Yes
Mux Style                          : Auto
Decoder Extraction                 : YES
Priority Encoder Extraction        : Yes
Shift Register Extraction          : YES
Logical Shifter Extraction         : YES
XOR Collapsing                     : YES
ROM Style                          : Auto
Mux Extraction                     : Yes
Resource Sharing                   : YES
Asynchronous To Synchronous        : NO
Multiplier Style                   : Auto
Automatic Register Balancing       : No

---- Target Options
Add IO Buffers                     : YES
Global Maximum Fanout              : 100000
Add Generic Clock Buffer(BUFG)     : 24
Register Duplication               : YES
Slice Packing                      : YES
Optimize Instantiated Primitives   : NO
Use Clock Enable                   : Yes
Use Synchronous Set                : Yes
Use Synchronous Reset              : Yes
Pack IO Registers into IOBs        : Auto
Equivalent register Removal        : YES

---- General Options
Optimization Goal                  : Speed
Optimization Effort                : 1
Keep Hierarchy                     : No
Netlist Hierarchy                  : As_Optimized
RTL Output                         : Yes
Global Optimization                : AllClockNets
Read Cores                         : YES
Write Timing Constraints           : NO
Cross Clock Analysis               : NO
Hierarchy Separator                : /
Bus Delimiter                      : <>
Case Specifier                     : Maintain
Slice Utilization Ratio            : 100
BRAM Utilization Ratio             : 100
Verilog 2001                       : YES
Auto BRAM Packing                  : NO
Slice Utilization Ratio Delta      : 5

=========================================================================


=========================================================================
*                          HDL Compilation                              *
=========================================================================
Compiling vhdl file "/home/sd/ulaula/ulaula2/UlaUla/fulladder.vhd" in Library work.
Architecture behavioral of Entity fulladder is up to date.
Compiling vhdl file "/home/sd/ulaula/ulaula2/UlaUla/comparadorum.vhd" in Library work.
Architecture behavioral of Entity comparadorum is up to date.
Compiling vhdl file "/home/sd/ulaula/ulaula2/UlaUla/somador.vhd" in Library work.
Architecture behavioral of Entity somador is up to date.
Compiling vhdl file "/home/sd/ulaula/ulaula2/UlaUla/subtrator.vhd" in Library work.
Architecture behavioral of Entity subtrator is up to date.
Compiling vhdl file "/home/sd/ulaula/ulaula2/UlaUla/comp_completo.vhd" in Library work.
Architecture behavioral of Entity comp_completo is up to date.
Compiling vhdl file "/home/sd/ulaula/ulaula2/UlaUla/mod.vhd" in Library work.
Architecture behavioral of Entity mode is up to date.
Compiling vhdl file "/home/sd/ulaula/ulaula2/UlaUla/incremento.vhd" in Library work.
Architecture behavioral of Entity incremento is up to date.
Compiling vhdl file "/home/sd/ulaula/ulaula2/UlaUla/decremento.vhd" in Library work.
Architecture behavioral of Entity decremento is up to date.
Compiling vhdl file "/home/sd/ulaula/ulaula2/UlaUla/complementodois.vhd" in Library work.
Architecture behavioral of Entity complemento is up to date.
Compiling vhdl file "/home/sd/ulaula/ulaula2/UlaUla/mdc.vhd" in Library work.
Architecture behavioral of Entity mdc is up to date.
Compiling vhdl file "/home/sd/ulaula/ulaula2/UlaUla/ula.vhd" in Library work.
Entity <ula> compiled.
Entity <ula> (Architecture <behavioral>) compiled.

=========================================================================
*                     Design Hierarchy Analysis                         *
=========================================================================
Analyzing hierarchy for entity <ula> in library <work> (architecture <behavioral>).

Analyzing hierarchy for entity <somador> in library <work> (architecture <behavioral>).

Analyzing hierarchy for entity <subtrator> in library <work> (architecture <behavioral>).

Analyzing hierarchy for entity <incremento> in library <work> (architecture <behavioral>).

Analyzing hierarchy for entity <decremento> in library <work> (architecture <behavioral>).

Analyzing hierarchy for entity <complemento> in library <work> (architecture <behavioral>).

Analyzing hierarchy for entity <comp_completo> in library <work> (architecture <behavioral>).

Analyzing hierarchy for entity <mode> in library <work> (architecture <behavioral>).

Analyzing hierarchy for entity <mdc> in library <work> (architecture <behavioral>).

Analyzing hierarchy for entity <fulladder> in library <work> (architecture <behavioral>).

Analyzing hierarchy for entity <somador> in library <work> (architecture <behavioral>).

Analyzing hierarchy for entity <subtrator> in library <work> (architecture <behavioral>).

Analyzing hierarchy for entity <comparadorum> in library <work> (architecture <behavioral>).

Analyzing hierarchy for entity <comp_completo> in library <work> (architecture <behavioral>).

Analyzing hierarchy for entity <mode> in library <work> (architecture <behavioral>).

Analyzing hierarchy for entity <fulladder> in library <work> (architecture <behavioral>).

Analyzing hierarchy for entity <fulladder> in library <work> (architecture <behavioral>).

Analyzing hierarchy for entity <fulladder> in library <work> (architecture <behavioral>).

Analyzing hierarchy for entity <fulladder> in library <work> (architecture <behavioral>).

Analyzing hierarchy for entity <somador> in library <work> (architecture <behavioral>).

Analyzing hierarchy for entity <comparadorum> in library <work> (architecture <behavioral>).

Analyzing hierarchy for entity <subtrator> in library <work> (architecture <behavioral>).

Analyzing hierarchy for entity <comp_completo> in library <work> (architecture <behavioral>).

Analyzing hierarchy for entity <fulladder> in library <work> (architecture <behavioral>).

Analyzing hierarchy for entity <somador> in library <work> (architecture <behavioral>).

Analyzing hierarchy for entity <comparadorum> in library <work> (architecture <behavioral>).

Analyzing hierarchy for entity <fulladder> in library <work> (architecture <behavioral>).


=========================================================================
*                            HDL Analysis                               *
=========================================================================
Analyzing Entity <ula> in library <work> (Architecture <behavioral>).
Entity <ula> analyzed. Unit <ula> generated.

Analyzing Entity <somador> in library <work> (Architecture <behavioral>).
Entity <somador> analyzed. Unit <somador> generated.

Analyzing Entity <fulladder> in library <work> (Architecture <behavioral>).
Entity <fulladder> analyzed. Unit <fulladder> generated.

Analyzing Entity <subtrator> in library <work> (Architecture <behavioral>).
Entity <subtrator> analyzed. Unit <subtrator> generated.

Analyzing Entity <incremento> in library <work> (Architecture <behavioral>).
Entity <incremento> analyzed. Unit <incremento> generated.

Analyzing Entity <decremento> in library <work> (Architecture <behavioral>).
Entity <decremento> analyzed. Unit <decremento> generated.

Analyzing Entity <complemento> in library <work> (Architecture <behavioral>).
Entity <complemento> analyzed. Unit <complemento> generated.

Analyzing Entity <comp_completo> in library <work> (Architecture <behavioral>).
Entity <comp_completo> analyzed. Unit <comp_completo> generated.

Analyzing Entity <comparadorum> in library <work> (Architecture <behavioral>).
Entity <comparadorum> analyzed. Unit <comparadorum> generated.

Analyzing Entity <mode> in library <work> (Architecture <behavioral>).
Entity <mode> analyzed. Unit <mode> generated.

Analyzing Entity <mdc> in library <work> (Architecture <behavioral>).
Entity <mdc> analyzed. Unit <mdc> generated.


=========================================================================
*                           HDL Synthesis                               *
=========================================================================

Performing bidirectional port resolution...

Synthesizing Unit <fulladder>.
    Related source file is "/home/sd/ulaula/ulaula2/UlaUla/fulladder.vhd".
    Found 1-bit xor3 for signal <soma>.
    Summary:
	inferred   1 Xor(s).
Unit <fulladder> synthesized.


Synthesizing Unit <comparadorum>.
    Related source file is "/home/sd/ulaula/ulaula2/UlaUla/comparadorum.vhd".
    Found 1-bit xor2 for signal <e$xor0000> created at line 47.
Unit <comparadorum> synthesized.


Synthesizing Unit <somador>.
    Related source file is "/home/sd/ulaula/ulaula2/UlaUla/somador.vhd".
    Found 1-bit xor2 for signal <overflow>.
Unit <somador> synthesized.


Synthesizing Unit <comp_completo>.
    Related source file is "/home/sd/ulaula/ulaula2/UlaUla/comp_completo.vhd".
Unit <comp_completo> synthesized.


Synthesizing Unit <subtrator>.
    Related source file is "/home/sd/ulaula/ulaula2/UlaUla/subtrator.vhd".
Unit <subtrator> synthesized.


Synthesizing Unit <incremento>.
    Related source file is "/home/sd/ulaula/ulaula2/UlaUla/incremento.vhd".
Unit <incremento> synthesized.


Synthesizing Unit <complemento>.
    Related source file is "/home/sd/ulaula/ulaula2/UlaUla/complementodois.vhd".
Unit <complemento> synthesized.


Synthesizing Unit <decremento>.
    Related source file is "/home/sd/ulaula/ulaula2/UlaUla/decremento.vhd".
Unit <decremento> synthesized.


Synthesizing Unit <mode>.
    Related source file is "/home/sd/ulaula/ulaula2/UlaUla/mod.vhd".
WARNING:Xst:1780 - Signal <um> is never used or assigned. This unconnected signal will be trimmed during the optimization process.
WARNING:Xst:646 - Signal <tres<2:1>> is assigned but never used. This unconnected signal will be trimmed during the optimization process.
WARNING:Xst:646 - Signal <sete<2:1>> is assigned but never used. This unconnected signal will be trimmed during the optimization process.
WARNING:Xst:646 - Signal <seis<2:1>> is assigned but never used. This unconnected signal will be trimmed during the optimization process.
WARNING:Xst:646 - Signal <quatro<2:1>> is assigned but never used. This unconnected signal will be trimmed during the optimization process.
WARNING:Xst:1780 - Signal <overflow> is never used or assigned. This unconnected signal will be trimmed during the optimization process.
WARNING:Xst:1780 - Signal <overaux<8>> is never used or assigned. This unconnected signal will be trimmed during the optimization process.
WARNING:Xst:646 - Signal <overaux<7:0>> is assigned but never used. This unconnected signal will be trimmed during the optimization process.
WARNING:Xst:646 - Signal <oito<2:1>> is assigned but never used. This unconnected signal will be trimmed during the optimization process.
WARNING:Xst:646 - Signal <nove<2:1>> is assigned but never used. This unconnected signal will be trimmed during the optimization process.
WARNING:Xst:646 - Signal <dois<2:1>> is assigned but never used. This unconnected signal will be trimmed during the optimization process.
WARNING:Xst:1780 - Signal <cout> is never used or assigned. This unconnected signal will be trimmed during the optimization process.
WARNING:Xst:646 - Signal <cinco<2:1>> is assigned but never used. This unconnected signal will be trimmed during the optimization process.
WARNING:Xst:1780 - Signal <caux<8>> is never used or assigned. This unconnected signal will be trimmed during the optimization process.
WARNING:Xst:646 - Signal <caux<7:0>> is assigned but never used. This unconnected signal will be trimmed during the optimization process.
Unit <mode> synthesized.


Synthesizing Unit <mdc>.
    Related source file is "/home/sd/ulaula/ulaula2/UlaUla/mdc.vhd".
WARNING:Xst:1305 - Output <neg> is never assigned. Tied to value 0.
WARNING:Xst:1780 - Signal <c8> is never used or assigned. This unconnected signal will be trimmed during the optimization process.
WARNING:Xst:646 - Signal <a8> is assigned but never used. This unconnected signal will be trimmed during the optimization process.
Unit <mdc> synthesized.


Synthesizing Unit <ula>.
    Related source file is "/home/sd/ulaula/ulaula2/UlaUla/ula.vhd".
WARNING:Xst:1780 - Signal <z_comparador> is never used or assigned. This unconnected signal will be trimmed during the optimization process.
WARNING:Xst:646 - Signal <of_sub> is assigned but never used. This unconnected signal will be trimmed during the optimization process.
WARNING:Xst:646 - Signal <of_soma> is assigned but never used. This unconnected signal will be trimmed during the optimization process.
WARNING:Xst:646 - Signal <of_inc> is assigned but never used. This unconnected signal will be trimmed during the optimization process.
WARNING:Xst:646 - Signal <of_dec> is assigned but never used. This unconnected signal will be trimmed during the optimization process.
WARNING:Xst:646 - Signal <of_compl> is assigned but never used. This unconnected signal will be trimmed during the optimization process.
WARNING:Xst:646 - Signal <newans6> is assigned but never used. This unconnected signal will be trimmed during the optimization process.
WARNING:Xst:646 - Signal <neg_mdc> is assigned but never used. This unconnected signal will be trimmed during the optimization process.
WARNING:Xst:646 - Signal <cout_sub> is assigned but never used. This unconnected signal will be trimmed during the optimization process.
WARNING:Xst:646 - Signal <cout_soma> is assigned but never used. This unconnected signal will be trimmed during the optimization process.
WARNING:Xst:646 - Signal <cout_inc> is assigned but never used. This unconnected signal will be trimmed during the optimization process.
WARNING:Xst:646 - Signal <cout_dec> is assigned but never used. This unconnected signal will be trimmed during the optimization process.
WARNING:Xst:646 - Signal <cout_compl> is assigned but never used. This unconnected signal will be trimmed during the optimization process.
WARNING:Xst:646 - Signal <ans7> is assigned but never used. This unconnected signal will be trimmed during the optimization process.
WARNING:Xst:646 - Signal <ans5> is assigned but never used. This unconnected signal will be trimmed during the optimization process.
WARNING:Xst:646 - Signal <ans4> is assigned but never used. This unconnected signal will be trimmed during the optimization process.
WARNING:Xst:646 - Signal <ans3> is assigned but never used. This unconnected signal will be trimmed during the optimization process.
WARNING:Xst:646 - Signal <ans2> is assigned but never used. This unconnected signal will be trimmed during the optimization process.
WARNING:Xst:646 - Signal <ans1> is assigned but never used. This unconnected signal will be trimmed during the optimization process.
Unit <ula> synthesized.


=========================================================================
HDL Synthesis Report

Macro Statistics
# Xors                                                 : 605
 1-bit xor2                                            : 329
 1-bit xor3                                            : 276

=========================================================================

=========================================================================
*                       Advanced HDL Synthesis                          *
=========================================================================

WARNING:Xst:1290 - Hierarchical block <op1> is unconnected in block <ula>.
   It will be removed from the design.
WARNING:Xst:1290 - Hierarchical block <op2> is unconnected in block <ula>.
   It will be removed from the design.
WARNING:Xst:1290 - Hierarchical block <op3> is unconnected in block <ula>.
   It will be removed from the design.
WARNING:Xst:1290 - Hierarchical block <op4> is unconnected in block <ula>.
   It will be removed from the design.
WARNING:Xst:1290 - Hierarchical block <op5> is unconnected in block <ula>.
   It will be removed from the design.
WARNING:Xst:1290 - Hierarchical block <op6> is unconnected in block <ula>.
   It will be removed from the design.
WARNING:Xst:1290 - Hierarchical block <op7> is unconnected in block <ula>.
   It will be removed from the design.
WARNING:Xst:1290 - Hierarchical block <op3> is unconnected in block <op2>.
   It will be removed from the design.
WARNING:Xst:1290 - Hierarchical block <op4> is unconnected in block <op2>.
   It will be removed from the design.
WARNING:Xst:1290 - Hierarchical block <op3> is unconnected in block <op4>.
   It will be removed from the design.
WARNING:Xst:1290 - Hierarchical block <op4> is unconnected in block <op4>.
   It will be removed from the design.
WARNING:Xst:1290 - Hierarchical block <op3> is unconnected in block <op6>.
   It will be removed from the design.
WARNING:Xst:1290 - Hierarchical block <op4> is unconnected in block <op6>.
   It will be removed from the design.
WARNING:Xst:1290 - Hierarchical block <op3> is unconnected in block <op8>.
   It will be removed from the design.
WARNING:Xst:1290 - Hierarchical block <op4> is unconnected in block <op8>.
   It will be removed from the design.
WARNING:Xst:1290 - Hierarchical block <op3> is unconnected in block <op10>.
   It will be removed from the design.
WARNING:Xst:1290 - Hierarchical block <op4> is unconnected in block <op10>.
   It will be removed from the design.
WARNING:Xst:1290 - Hierarchical block <op3> is unconnected in block <op12>.
   It will be removed from the design.
WARNING:Xst:1290 - Hierarchical block <op4> is unconnected in block <op12>.
   It will be removed from the design.
WARNING:Xst:1290 - Hierarchical block <op3> is unconnected in block <op14>.
   It will be removed from the design.
WARNING:Xst:1290 - Hierarchical block <op4> is unconnected in block <op14>.
   It will be removed from the design.
WARNING:Xst:1290 - Hierarchical block <op3> is unconnected in block <op16>.
   It will be removed from the design.
WARNING:Xst:1290 - Hierarchical block <op4> is unconnected in block <op16>.
   It will be removed from the design.

=========================================================================
Advanced HDL Synthesis Report

Macro Statistics
# Xors                                                 : 605
 1-bit xor2                                            : 329
 1-bit xor3                                            : 276

=========================================================================

=========================================================================
*                         Low Level Synthesis                           *
=========================================================================

Optimizing unit <ula> ...

Mapping all equations...
Building and optimizing final netlist ...
Found area constraint ratio of 100 (+ 5) on block ula, actual ratio is 0.

Final Macro Processing ...

=========================================================================
Final Register Report

Found no macro
=========================================================================

=========================================================================
*                           Partition Report                            *
=========================================================================

Partition Implementation Status
-------------------------------

  No Partitions were found in this design.

-------------------------------

=========================================================================
*                            Final Report                               *
=========================================================================
Final Results
RTL Top Level Output File Name     : ula.ngr
Top Level Output File Name         : ula
Output Format                      : NGC
Optimization Goal                  : Speed
Keep Hierarchy                     : No

Design Statistics
# IOs                              : 8

Cell Usage :
# BELS                             : 3
#      GND                         : 1
#      LUT2                        : 2
# IO Buffers                       : 6
#      IBUF                        : 2
#      OBUF                        : 4
=========================================================================

Device utilization summary:
---------------------------

Selected Device : 3s700anfgg484-5 

 Number of Slices:                        1  out of   5888     0%  
 Number of 4 input LUTs:                  2  out of  11776     0%  
 Number of IOs:                           8
 Number of bonded IOBs:                   6  out of    372     1%  

---------------------------
Partition Resource Summary:
---------------------------

  No Partitions were found in this design.

---------------------------


=========================================================================
TIMING REPORT

NOTE: THESE TIMING NUMBERS ARE ONLY A SYNTHESIS ESTIMATE.
      FOR ACCURATE TIMING INFORMATION PLEASE REFER TO THE TRACE REPORT
      GENERATED AFTER PLACE-and-ROUTE.

Clock Information:
------------------
No clock signals found in this design

Asynchronous Control Signals Information:
----------------------------------------
No asynchronous control signals found in this design

Timing Summary:
---------------
Speed Grade: -5

   Minimum period: No path found
   Minimum input arrival time before clock: No path found
   Maximum output required time after clock: No path found
   Maximum combinational path delay: 6.697ns

Timing Detail:
--------------
All values displayed in nanoseconds (ns)

=========================================================================
Timing constraint: Default path analysis
  Total number of paths / destination ports: 5 / 3
-------------------------------------------------------------------------
Delay:               6.697ns (Levels of Logic = 3)
  Source:            x<0> (PAD)
  Destination:       z<2> (PAD)

  Data Path: x<0> to z<2>
                                Gate     Net
    Cell:in->out      fanout   Delay   Delay  Logical Name (Net Name)
    ----------------------------------------  ------------
     IBUF:I->O             3   0.824   0.559  x_0_IBUF (z_0_OBUF)
     LUT2:I0->O            1   0.561   0.357  op8/b8<2>1 (z_2_OBUF)
     OBUF:I->O                 4.396          z_2_OBUF (z<2>)
    ----------------------------------------
    Total                      6.697ns (5.781ns logic, 0.916ns route)
                                       (86.3% logic, 13.7% route)

=========================================================================


Total REAL time to Xst completion: 9.00 secs
Total CPU time to Xst completion: 8.28 secs
 
--> 


Total memory usage is 633716 kilobytes

Number of errors   :    0 (   0 filtered)
Number of warnings :   60 (   0 filtered)
Number of infos    :    0 (   0 filtered)

