AR comp_completo behavioral /home/sd/Desktop/pen/LaUlaUla/ulaula/ulaula2/UlaUla/comp_completo.vhd sub00/vhpl18 1667927907
EN complemento NULL /home/sd/Desktop/pen/LaUlaUla/ulaula/ulaula2/UlaUla/complementodois.vhd sub00/vhpl16 1667927914
EN comp_completo NULL /home/sd/Desktop/pen/LaUlaUla/ulaula/ulaula2/UlaUla/comp_completo.vhd sub00/vhpl08 1667927906
EN mode NULL /home/sd/Desktop/pen/LaUlaUla/ulaula/ulaula2/UlaUla/mod.vhd sub00/vhpl12 1667927908
EN mdc NULL /home/sd/Desktop/pen/LaUlaUla/ulaula/ulaula2/UlaUla/mdc.vhd sub00/vhpl20 1667927916
EN subtrator NULL /home/sd/Desktop/pen/LaUlaUla/ulaula/ulaula2/UlaUla/subtrator.vhd sub00/vhpl04 1667927904
EN incremento NULL /home/sd/Desktop/pen/LaUlaUla/ulaula/ulaula2/UlaUla/incremento.vhd sub00/vhpl11 1667927910
EN fulladder NULL /home/sd/Desktop/pen/LaUlaUla/ulaula/ulaula2/UlaUla/fulladder.vhd sub00/vhpl00 1667927898
EN ula NULL /home/sd/Desktop/pen/LaUlaUla/ulaula/ulaula2/UlaUla/ula.vhd sub00/vhpl09 1667927918
AR subtrator behavioral /home/sd/Desktop/pen/LaUlaUla/ulaula/ulaula2/UlaUla/subtrator.vhd sub00/vhpl05 1667927905
AR mode behavioral /home/sd/Desktop/pen/LaUlaUla/ulaula/ulaula2/UlaUla/mod.vhd sub00/vhpl19 1667927909
AR comparadorum behavioral /home/sd/Desktop/pen/LaUlaUla/ulaula/ulaula2/UlaUla/comparadorum.vhd sub00/vhpl07 1667927901
AR decremento behavioral /home/sd/Desktop/pen/LaUlaUla/ulaula/ulaula2/UlaUla/decremento.vhd sub00/vhpl15 1667927913
EN comparadorum NULL /home/sd/Desktop/pen/LaUlaUla/ulaula/ulaula2/UlaUla/comparadorum.vhd sub00/vhpl06 1667927900
EN decremento NULL /home/sd/Desktop/pen/LaUlaUla/ulaula/ulaula2/UlaUla/decremento.vhd sub00/vhpl14 1667927912
AR incremento behavioral /home/sd/Desktop/pen/LaUlaUla/ulaula/ulaula2/UlaUla/incremento.vhd sub00/vhpl13 1667927911
AR ula behavioral /home/sd/Desktop/pen/LaUlaUla/ulaula/ulaula2/UlaUla/ula.vhd sub00/vhpl10 1667927919
AR mdc behavioral /home/sd/Desktop/pen/LaUlaUla/ulaula/ulaula2/UlaUla/mdc.vhd sub00/vhpl21 1667927917
EN somador NULL /home/sd/Desktop/pen/LaUlaUla/ulaula/ulaula2/UlaUla/somador.vhd sub00/vhpl02 1667927902
AR complemento behavioral /home/sd/Desktop/pen/LaUlaUla/ulaula/ulaula2/UlaUla/complementodois.vhd sub00/vhpl17 1667927915
AR somador behavioral /home/sd/Desktop/pen/LaUlaUla/ulaula/ulaula2/UlaUla/somador.vhd sub00/vhpl03 1667927903
AR fulladder behavioral /home/sd/Desktop/pen/LaUlaUla/ulaula/ulaula2/UlaUla/fulladder.vhd sub00/vhpl01 1667927899
