AR comp_completo behavioral /home/sd/ulaula/ulaula2/UlaUla/comp_completo.vhd sub00/vhpl18 1667328414
EN complemento NULL /home/sd/ulaula/ulaula2/UlaUla/complementodois.vhd sub00/vhpl16 1667328421
EN comp_completo NULL /home/sd/ulaula/ulaula2/UlaUla/comp_completo.vhd sub00/vhpl08 1667328413
EN mode NULL /home/sd/ulaula/ulaula2/UlaUla/mod.vhd sub00/vhpl12 1667328415
EN mdc NULL /home/sd/ulaula/ulaula2/UlaUla/mdc.vhd sub00/vhpl20 1667328423
EN subtrator NULL /home/sd/ulaula/ulaula2/UlaUla/subtrator.vhd sub00/vhpl04 1667328411
EN incremento NULL /home/sd/ulaula/ulaula2/UlaUla/incremento.vhd sub00/vhpl11 1667328417
EN fulladder NULL /home/sd/ulaula/ulaula2/UlaUla/fulladder.vhd sub00/vhpl00 1667328405
EN ula NULL /home/sd/ulaula/ulaula2/UlaUla/ula.vhd sub00/vhpl09 1667328425
AR subtrator behavioral /home/sd/ulaula/ulaula2/UlaUla/subtrator.vhd sub00/vhpl05 1667328412
AR mode behavioral /home/sd/ulaula/ulaula2/UlaUla/mod.vhd sub00/vhpl19 1667328416
AR comparadorum behavioral /home/sd/ulaula/ulaula2/UlaUla/comparadorum.vhd sub00/vhpl07 1667328408
AR decremento behavioral /home/sd/ulaula/ulaula2/UlaUla/decremento.vhd sub00/vhpl15 1667328420
EN comparadorum NULL /home/sd/ulaula/ulaula2/UlaUla/comparadorum.vhd sub00/vhpl06 1667328407
EN decremento NULL /home/sd/ulaula/ulaula2/UlaUla/decremento.vhd sub00/vhpl14 1667328419
AR incremento behavioral /home/sd/ulaula/ulaula2/UlaUla/incremento.vhd sub00/vhpl13 1667328418
AR ula behavioral /home/sd/ulaula/ulaula2/UlaUla/ula.vhd sub00/vhpl10 1667328426
AR mdc behavioral /home/sd/ulaula/ulaula2/UlaUla/mdc.vhd sub00/vhpl21 1667328424
EN somador NULL /home/sd/ulaula/ulaula2/UlaUla/somador.vhd sub00/vhpl02 1667328409
AR complemento behavioral /home/sd/ulaula/ulaula2/UlaUla/complementodois.vhd sub00/vhpl17 1667328422
AR somador behavioral /home/sd/ulaula/ulaula2/UlaUla/somador.vhd sub00/vhpl03 1667328410
AR fulladder behavioral /home/sd/ulaula/ulaula2/UlaUla/fulladder.vhd sub00/vhpl01 1667328406
