V3 66
FL /home/sd/Desktop/pen/LaUlaUla/ulaula/ulaula2/UlaUla/comparadorum.vhd 2022/10/25.14:18:36 P.20131013
EN work/comparadorum 1667927900 \
      FL /home/sd/Desktop/pen/LaUlaUla/ulaula/ulaula2/UlaUla/comparadorum.vhd \
      PB ieee/std_logic_1164 1381692176
AR work/comparadorum/Behavioral 1667927901 \
      FL /home/sd/Desktop/pen/LaUlaUla/ulaula/ulaula2/UlaUla/comparadorum.vhd \
      EN work/comparadorum 1667927900
FL /home/sd/Desktop/pen/LaUlaUla/ulaula/ulaula2/UlaUla/complementodois.vhd 2022/10/27.09:46:16 P.20131013
EN work/complemento 1667927914 \
      FL /home/sd/Desktop/pen/LaUlaUla/ulaula/ulaula2/UlaUla/complementodois.vhd \
      PB ieee/std_logic_1164 1381692176
AR work/complemento/Behavioral 1667927915 \
      FL /home/sd/Desktop/pen/LaUlaUla/ulaula/ulaula2/UlaUla/complementodois.vhd \
      EN work/complemento 1667927914 CP somador
FL /home/sd/Desktop/pen/LaUlaUla/ulaula/ulaula2/UlaUla/comp_completo.vhd 2022/11/01.14:35:36 P.20131013
EN work/comp_completo 1667927906 \
      FL /home/sd/Desktop/pen/LaUlaUla/ulaula/ulaula2/UlaUla/comp_completo.vhd \
      PB ieee/std_logic_1164 1381692176
AR work/comp_completo/Behavioral 1667927907 \
      FL /home/sd/Desktop/pen/LaUlaUla/ulaula/ulaula2/UlaUla/comp_completo.vhd \
      EN work/comp_completo 1667927906 CP comparadorum
FL /home/sd/Desktop/pen/LaUlaUla/ulaula/ulaula2/UlaUla/decremento.vhd 2022/10/25.14:23:18 P.20131013
EN work/decremento 1667927912 \
      FL /home/sd/Desktop/pen/LaUlaUla/ulaula/ulaula2/UlaUla/decremento.vhd \
      PB ieee/std_logic_1164 1381692176
AR work/decremento/Behavioral 1667927913 \
      FL /home/sd/Desktop/pen/LaUlaUla/ulaula/ulaula2/UlaUla/decremento.vhd \
      EN work/decremento 1667927912 CP subtrator
FL /home/sd/Desktop/pen/LaUlaUla/ulaula/ulaula2/UlaUla/fulladder.vhd 2022/10/25.12:55:20 P.20131013
EN work/fulladder 1667927898 \
      FL /home/sd/Desktop/pen/LaUlaUla/ulaula/ulaula2/UlaUla/fulladder.vhd \
      PB ieee/std_logic_1164 1381692176
AR work/fulladder/Behavioral 1667927899 \
      FL /home/sd/Desktop/pen/LaUlaUla/ulaula/ulaula2/UlaUla/fulladder.vhd \
      EN work/fulladder 1667927898
FL /home/sd/Desktop/pen/LaUlaUla/ulaula/ulaula2/UlaUla/incremento.vhd 2022/10/27.09:45:24 P.20131013
EN work/incremento 1667927910 \
      FL /home/sd/Desktop/pen/LaUlaUla/ulaula/ulaula2/UlaUla/incremento.vhd \
      PB ieee/std_logic_1164 1381692176
AR work/incremento/Behavioral 1667927911 \
      FL /home/sd/Desktop/pen/LaUlaUla/ulaula/ulaula2/UlaUla/incremento.vhd \
      EN work/incremento 1667927910 CP somador
FL /home/sd/Desktop/pen/LaUlaUla/ulaula/ulaula2/UlaUla/mdc.vhd 2022/11/01.13:50:10 P.20131013
EN work/mdc 1667927916 \
      FL /home/sd/Desktop/pen/LaUlaUla/ulaula/ulaula2/UlaUla/mdc.vhd \
      PB ieee/std_logic_1164 1381692176
AR work/mdc/Behavioral 1667927917 \
      FL /home/sd/Desktop/pen/LaUlaUla/ulaula/ulaula2/UlaUla/mdc.vhd EN work/mdc 1667927916 \
      CP mode
FL /home/sd/Desktop/pen/LaUlaUla/ulaula/ulaula2/UlaUla/mod.vhd 2022/11/01.14:43:44 P.20131013
EN work/mode 1667927908 \
      FL /home/sd/Desktop/pen/LaUlaUla/ulaula/ulaula2/UlaUla/mod.vhd \
      PB ieee/std_logic_1164 1381692176
AR work/mode/Behavioral 1667927909 \
      FL /home/sd/Desktop/pen/LaUlaUla/ulaula/ulaula2/UlaUla/mod.vhd EN work/mode 1667927908 \
      CP subtrator CP comp_completo
FL /home/sd/Desktop/pen/LaUlaUla/ulaula/ulaula2/UlaUla/somador.vhd 2022/10/25.12:56:18 P.20131013
EN work/somador 1667927902 \
      FL /home/sd/Desktop/pen/LaUlaUla/ulaula/ulaula2/UlaUla/somador.vhd \
      PB ieee/std_logic_1164 1381692176
AR work/somador/Behavioral 1667927903 \
      FL /home/sd/Desktop/pen/LaUlaUla/ulaula/ulaula2/UlaUla/somador.vhd \
      EN work/somador 1667927902 CP fulladder
FL /home/sd/Desktop/pen/LaUlaUla/ulaula/ulaula2/UlaUla/subtrator.vhd 2022/10/25.13:03:22 P.20131013
EN work/subtrator 1667927904 \
      FL /home/sd/Desktop/pen/LaUlaUla/ulaula/ulaula2/UlaUla/subtrator.vhd \
      PB ieee/std_logic_1164 1381692176
AR work/subtrator/Behavioral 1667927905 \
      FL /home/sd/Desktop/pen/LaUlaUla/ulaula/ulaula2/UlaUla/subtrator.vhd \
      EN work/subtrator 1667927904 CP somador
FL /home/sd/Desktop/pen/LaUlaUla/ulaula/ulaula2/UlaUla/ula.vhd 2022/11/08.15:18:14 P.20131013
EN work/ula 1667927918 \
      FL /home/sd/Desktop/pen/LaUlaUla/ulaula/ulaula2/UlaUla/ula.vhd \
      PB ieee/std_logic_1164 1381692176
AR work/ula/Behavioral 1667927919 \
      FL /home/sd/Desktop/pen/LaUlaUla/ulaula/ulaula2/UlaUla/ula.vhd EN work/ula 1667927918 \
      CP somador CP subtrator CP incremento CP decremento CP complemento \
      CP comp_completo CP mode CP mdc
FL /home/sd/Desktop/UlaUla/comparadorum.vhd 2022/10/25.15:18:36 P.20131013
FL /home/sd/Desktop/UlaUla/complementodois.vhd 2022/10/27.10:46:17 P.20131013
FL /home/sd/Desktop/UlaUla/comp_completo.vhd 2022/10/27.10:49:44 P.20131013
FL /home/sd/Desktop/UlaUla/decremento.vhd 2022/10/25.15:23:18 P.20131013
FL /home/sd/Desktop/UlaUla/fulladder.vhd 2022/10/25.13:55:20 P.20131013
FL /home/sd/Desktop/UlaUla/incremento.vhd 2022/10/27.10:45:24 P.20131013
FL /home/sd/Desktop/UlaUla/mod.vhd 2022/10/27.10:42:49 P.20131013
AR work/mod/Behavioral 0 FL /home/sd/Desktop/UlaUla/mod.vhd EN work/mod 0 \
      CP comp_completo CP subtrator
FL /home/sd/Desktop/UlaUla/somador.vhd 2022/10/25.13:56:18 P.20131013
FL /home/sd/Desktop/UlaUla/subtrator.vhd 2022/10/25.14:03:22 P.20131013
FL /home/sd/Desktop/UlaUla/ula.vhd 2022/10/27.10:48:19 P.20131013
FL /home/sd/ulaula/ulaula2/UlaUla/comparadorum.vhd 2022/10/25.15:18:36 P.20131013
FL /home/sd/ulaula/ulaula2/UlaUla/complementodois.vhd 2022/10/27.10:46:16 P.20131013
FL /home/sd/ulaula/ulaula2/UlaUla/comp_completo.vhd 2022/11/01.15:35:37 P.20131013
FL /home/sd/ulaula/ulaula2/UlaUla/decremento.vhd 2022/10/25.15:23:18 P.20131013
FL /home/sd/ulaula/ulaula2/UlaUla/fulladder.vhd 2022/10/25.13:55:20 P.20131013
FL /home/sd/ulaula/ulaula2/UlaUla/incremento.vhd 2022/10/27.10:45:24 P.20131013
FL /home/sd/ulaula/ulaula2/UlaUla/mdc.vhd 2022/11/01.14:50:11 P.20131013
FL /home/sd/ulaula/ulaula2/UlaUla/mod.vhd 2022/11/01.15:43:44 P.20131013
FL /home/sd/ulaula/ulaula2/UlaUla/somador.vhd 2022/10/25.13:56:18 P.20131013
FL /home/sd/ulaula/ulaula2/UlaUla/subtrator.vhd 2022/10/25.14:03:22 P.20131013
FL /home/sd/ulaula/ulaula2/UlaUla/ula.vhd 2022/11/01.15:46:42 P.20131013
